[mihirbeg.com/index.html]
[backblue.gif]
[fade.gif]
[index.html]
[mihirbeg.com/manifest.webmanifest]
[img1.wsimg.com/isteam/ip/03387d70-a2b8-40e7-acae-dc6a382237e9/Facebook Fina-02.jpg]
[img1.wsimg.com/poly/v2/polyfill.minc53b.js]
[img1.wsimg.com/blobby/go/03387d70-a2b8-40e7-acae-dc6a382237e9/gpub/64c24254a69b303c/script.js]
[mihirbeg.com/sw.js]
[mihirbeg.com/listen.html]
[mihirbeg.com/watch.html]
[mihirbeg.com/live-sound.html]
[mihirbeg.com/about.html]
[img1.wsimg.com/tcc/tcc_l.combined.1.0.6.min.js]
[mihirbeg.com/index.html]
[mihirbeg.com/listen.html]
[mihirbeg.com/debut-album-getting-there.html]
[img1.wsimg.com/blobby/go/03387d70-a2b8-40e7-acae-dc6a382237e9/gpub/e24bf8e94a78f912/script.js]
[img1.wsimg.com/blobby/go/03387d70-a2b8-40e7-acae-dc6a382237e9/gpub/5a9326b423a00348/script.js]
[img1.wsimg.com/blobby/go/03387d70-a2b8-40e7-acae-dc6a382237e9/gpub/4eb128387f881d9d/script.js]
[mihirbeg.com/watch.html]
[mihirbeg.com/live-sound.html]
[img1.wsimg.com/blobby/go/03387d70-a2b8-40e7-acae-dc6a382237e9/gpub/9954cb7d8ca22663/script.js]
[img1.wsimg.com/blobby/go/03387d70-a2b8-40e7-acae-dc6a382237e9/gpub/2309519522d6f6b4/script.js]
[img1.wsimg.com/ceph-p3-01/website-builder-data-prod/static/widgets/UX.4.6.20.js]
[mihirbeg.com/about.html]
[mihirbeg.com/debut-album-getting-there.html]
[img1.wsimg.com/tcc/tcc_l.combined.1.0.6.min.js]
